[     305ms] [WARNING] 'Escape' is already registered. Multiple handlers will be triggered. Use conflictBehavior: 'replace' to replace the existing handler, or conflictBehavior: 'allow' to suppress this warning. @ https://frontend-assets.supabase.com/studio/978fa7bdfb5d/_next/static/chunks/0wz~f2pxngvlu.js?dpl=dpl_5Wb1wiZjZeoMgWCQyEoEtCMP3jUX:12
[     412ms] [WARNING] 'Escape' is already registered. Multiple handlers will be triggered. Use conflictBehavior: 'replace' to replace the existing handler, or conflictBehavior: 'allow' to suppress this warning. @ https://frontend-assets.supabase.com/studio/978fa7bdfb5d/_next/static/chunks/0wz~f2pxngvlu.js?dpl=dpl_5Wb1wiZjZeoMgWCQyEoEtCMP3jUX:12
[     413ms] [LOG] Supabase Studio is running commit 978fa7bdfb5d364285ce1c4bacc836440f0d10bc deployed at 2026-05-08 17:49:25 -04:00. @ https://frontend-assets.supabase.com/studio/978fa7bdfb5d/_next/static/chunks/0wz~f2pxngvlu.js?dpl=dpl_5Wb1wiZjZeoMgWCQyEoEtCMP3jUX:12
[     700ms] [WARNING] 'Escape' is already registered. Multiple handlers will be triggered. Use conflictBehavior: 'replace' to replace the existing handler, or conflictBehavior: 'allow' to suppress this warning. @ https://frontend-assets.supabase.com/studio/978fa7bdfb5d/_next/static/chunks/0wz~f2pxngvlu.js?dpl=dpl_5Wb1wiZjZeoMgWCQyEoEtCMP3jUX:12
[     796ms] [ERROR] Flag key "headerUpgradeCta" does not exist in PostHog flag store @ https://frontend-assets.supabase.com/studio/978fa7bdfb5d/_next/static/chunks/0wz~f2pxngvlu.js?dpl=dpl_5Wb1wiZjZeoMgWCQyEoEtCMP3jUX:12
[     809ms] [ERROR] Flag key "headerUpgradeCta" does not exist in PostHog flag store @ https://frontend-assets.supabase.com/studio/978fa7bdfb5d/_next/static/chunks/0wz~f2pxngvlu.js?dpl=dpl_5Wb1wiZjZeoMgWCQyEoEtCMP3jUX:12
[     823ms] [ERROR] Flag key "headerUpgradeCta" does not exist in PostHog flag store @ https://frontend-assets.supabase.com/studio/978fa7bdfb5d/_next/static/chunks/0wz~f2pxngvlu.js?dpl=dpl_5Wb1wiZjZeoMgWCQyEoEtCMP3jUX:12
[     868ms] [WARNING] [Warning] Please install/enable Redux devtools extension @ https://frontend-assets.supabase.com/studio/978fa7bdfb5d/_next/static/chunks/0wz~f2pxngvlu.js?dpl=dpl_5Wb1wiZjZeoMgWCQyEoEtCMP3jUX:12
[    1037ms] [ERROR] Flag key "headerUpgradeCta" does not exist in PostHog flag store @ https://frontend-assets.supabase.com/studio/978fa7bdfb5d/_next/static/chunks/0wz~f2pxngvlu.js?dpl=dpl_5Wb1wiZjZeoMgWCQyEoEtCMP3jUX:12
[    1318ms] [ERROR] Flag key "headerUpgradeCta" does not exist in PostHog flag store @ https://frontend-assets.supabase.com/studio/978fa7bdfb5d/_next/static/chunks/0wz~f2pxngvlu.js?dpl=dpl_5Wb1wiZjZeoMgWCQyEoEtCMP3jUX:12
[    1757ms] [ERROR] Flag key "headerUpgradeCta" does not exist in PostHog flag store @ https://frontend-assets.supabase.com/studio/978fa7bdfb5d/_next/static/chunks/0wz~f2pxngvlu.js?dpl=dpl_5Wb1wiZjZeoMgWCQyEoEtCMP3jUX:12
[   28627ms] [WARNING] Warning: Missing `Description` or `aria-describedby={undefined}` for {DialogContent}. @ https://frontend-assets.supabase.com/studio/978fa7bdfb5d/_next/static/chunks/0wz~f2pxngvlu.js?dpl=dpl_5Wb1wiZjZeoMgWCQyEoEtCMP3jUX:12
[   28655ms] [ERROR] Flag key "headerUpgradeCta" does not exist in PostHog flag store @ https://frontend-assets.supabase.com/studio/978fa7bdfb5d/_next/static/chunks/0wz~f2pxngvlu.js?dpl=dpl_5Wb1wiZjZeoMgWCQyEoEtCMP3jUX:12
[   28668ms] [ERROR] Flag key "headerUpgradeCta" does not exist in PostHog flag store @ https://frontend-assets.supabase.com/studio/978fa7bdfb5d/_next/static/chunks/0wz~f2pxngvlu.js?dpl=dpl_5Wb1wiZjZeoMgWCQyEoEtCMP3jUX:12
[   93542ms] [ERROR] Flag key "headerUpgradeCta" does not exist in PostHog flag store @ https://frontend-assets.supabase.com/studio/978fa7bdfb5d/_next/static/chunks/0wz~f2pxngvlu.js?dpl=dpl_5Wb1wiZjZeoMgWCQyEoEtCMP3jUX:12
[   93561ms] [ERROR] Flag key "headerUpgradeCta" does not exist in PostHog flag store @ https://frontend-assets.supabase.com/studio/978fa7bdfb5d/_next/static/chunks/0wz~f2pxngvlu.js?dpl=dpl_5Wb1wiZjZeoMgWCQyEoEtCMP3jUX:12
[  112255ms] [LOG] Supabase Studio is running commit 978fa7bdfb5d364285ce1c4bacc836440f0d10bc deployed at 2026-05-08 17:49:25 -04:00. @ https://frontend-assets.supabase.com/studio/978fa7bdfb5d/_next/static/chunks/0wz~f2pxngvlu.js?dpl=dpl_5Wb1wiZjZeoMgWCQyEoEtCMP3jUX:12
[  112573ms] [WARNING] [Warning] Please install/enable Redux devtools extension @ https://frontend-assets.supabase.com/studio/978fa7bdfb5d/_next/static/chunks/0wz~f2pxngvlu.js?dpl=dpl_5Wb1wiZjZeoMgWCQyEoEtCMP3jUX:12
[  112616ms] [ERROR] Flag key "headerUpgradeCta" does not exist in PostHog flag store @ https://frontend-assets.supabase.com/studio/978fa7bdfb5d/_next/static/chunks/0wz~f2pxngvlu.js?dpl=dpl_5Wb1wiZjZeoMgWCQyEoEtCMP3jUX:12
[  112679ms] [ERROR] Flag key "headerUpgradeCta" does not exist in PostHog flag store @ https://frontend-assets.supabase.com/studio/978fa7bdfb5d/_next/static/chunks/0wz~f2pxngvlu.js?dpl=dpl_5Wb1wiZjZeoMgWCQyEoEtCMP3jUX:12
[  112823ms] [ERROR] Flag key "headerUpgradeCta" does not exist in PostHog flag store @ https://frontend-assets.supabase.com/studio/978fa7bdfb5d/_next/static/chunks/0wz~f2pxngvlu.js?dpl=dpl_5Wb1wiZjZeoMgWCQyEoEtCMP3jUX:12
[  113415ms] [ERROR] Flag key "headerUpgradeCta" does not exist in PostHog flag store @ https://frontend-assets.supabase.com/studio/978fa7bdfb5d/_next/static/chunks/0wz~f2pxngvlu.js?dpl=dpl_5Wb1wiZjZeoMgWCQyEoEtCMP3jUX:12
