[    4698ms] [ERROR] Failed to load resource: the server responded with a status of 500 (Internal Server Error) @ http://localhost:3000/:0
[    4875ms] [INFO] %cDownload the React DevTools for a better development experience: https://reactjs.org/link/react-devtools font-weight:bold @ webpack-internal:///./node_modules/react-dom/cjs/react-dom.development.js:29889
[    4910ms] ModuleBuildError: Module build failed (from ./node_modules/next/dist/build/webpack/loaders/postcss-loader/src/index.js):
Error: Cannot find module 'autoprefixer'
Require stack:
- C:\Dating_App\node_modules\next\dist\build\webpack\config\blocks\css\plugins.js
- C:\Dating_App\node_modules\next\dist\build\webpack\config\blocks\css\index.js
- C:\Dating_App\node_modules\next\dist\build\webpack\config\index.js
- C:\Dating_App\node_modules\next\dist\build\webpack-config.js
- C:\Dating_App\node_modules\next\dist\server\dev\hot-reloader-webpack.js
- C:\Dating_App\node_modules\next\dist\server\lib\router-utils\setup-dev-bundler.js
- C:\Dating_App\node_modules\next\dist\server\lib\router-server.js
- C:\Dating_App\node_modules\next\dist\server\lib\start-server.js
    at Module.<anonymous> (node:internal/modules/cjs/loader:1456:15)
    at C:\Dating_App\node_modules\next\dist\server\require-hook.js:55:36
    at require.resolve (node:internal/modules/helpers:163:19)
    at loadPlugin (C:\Dating_App\node_modules\next\dist\build\webpack\config\blocks\css\plugins.js:49:32)
    at C:\Dating_App\node_modules\next\dist\build\webpack\config\blocks\css\plugins.js:157:56
    at Array.map (<anonymous>)
    at getPostCssPlugins (C:\Dating_App\node_modules\next\dist\build\webpack\config\blocks\css\plugins.js:157:47)
    at async C:\Dating_App\node_modules\next\dist\build\webpack\config\blocks\css\index.js:124:36
    at async C:\Dating_App\node_modules\next\dist\build\webpack\loaders\postcss-loader\src\index.js:51:40
    at async Span.traceAsyncFn (C:\Dating_App\node_modules\next\dist\trace\trace.js:154:20)
    at Module.<anonymous> (node:internal/modules/cjs/loader:1456:15)
    at C:\Dating_App\node_modules\next\dist\server\require-hook.js:55:36
    at require.resolve (node:internal/modules/helpers:163:19)
    at loadPlugin (C:\Dating_App\node_modules\next\dist\build\webpack\config\blocks\css\plugins.js:49:32)
    at C:\Dating_App\node_modules\next\dist\build\webpack\config\blocks\css\plugins.js:157:56
    at Array.map (<anonymous>)
    at getPostCssPlugins (C:\Dating_App\node_modules\next\dist\build\webpack\config\blocks\css\plugins.js:157:47)
    at async C:\Dating_App\node_modules\next\dist\build\webpack\config\blocks\css\index.js:124:36
    at async C:\Dating_App\node_modules\next\dist\build\webpack\loaders\postcss-loader\src\index.js:51:40
    at async Span.traceAsyncFn (C:\Dating_App\node_modules\next\dist\trace\trace.js:154:20)
    at Module.<anonymous> (node:internal/modules/cjs/loader:1456:15)
    at <unknown> (file://C:\Dating_App\node_modules\next\dist\server\require-hook.js:55:36)
    at require.resolve (node:internal/modules/helpers:163:19)
    at loadPlugin (file://C:\Dating_App\node_modules\next\dist\build\webpack\config\blocks\css\plugins.js:49:32)
    at <unknown> (file://C:\Dating_App\node_modules\next\dist\build\webpack\config\blocks\css\plugins.js:157:56)
    at Array.map (<anonymous>)
    at getPostCssPlugins (file://C:\Dating_App\node_modules\next\dist\build\webpack\config\blocks\css\plugins.js:157:47)
    at async (file://C:\Dating_App\node_modules\next\dist\build\webpack\config\blocks\css\index.js:124:36)
    at async (file://C:\Dating_App\node_modules\next\dist\build\webpack\loaders\postcss-loader\src\index.js:51:40)
    at async Span.traceAsyncFn (file://C:\Dating_App\node_modules\next\dist\trace\trace.js:154:20)
    at processResult (file://C:\Dating_App\node_modules\next\dist\compiled\webpack\bundle5.js:28:400590)
    at <unknown> (file://C:\Dating_App\node_modules\next\dist\compiled\webpack\bundle5.js:28:402302)
    at <unknown> (file://C:\Dating_App\node_modules\next\dist\compiled\loader-runner\LoaderRunner.js:1:8645)
    at <unknown> (file://C:\Dating_App\node_modules\next\dist\compiled\loader-runner\LoaderRunner.js:1:5828)
    at r.callback (file://C:\Dating_App\node_modules\next\dist\compiled\loader-runner\LoaderRunner.js:1:4039)
    at <unknown> (file://C:\Dating_App\node_modules\next\dist\build\webpack\loaders\postcss-loader\src\index.js:113:37)
[    4910ms] [LOG] [HMR] connected @ webpack-internal:///./node_modules/next/dist/client/components/react-dev-overlay/pages/websocket.js:38
[    4914ms] [ERROR] ./src/app/globals.css.webpack[javascript/auto]!=!./node_modules/next/dist/build/webpack/loaders/css-loader/src/index.js??ruleSet[1].rules[13].oneOf[12].use[2]!./node_modules/next/dist/build/webpack/loaders/postcss-loader/src/index.js??ruleSet[1].rules[13].oneOf[12].use[3]!./src/app/globals.css
Error: Cannot find module 'autoprefixer'
Require stack:
- C:\Dating_App\node_modules\next\dist\build\webpack\config\blocks\css\plugins.js
- C:\Dating_App\node_modules\next\dist\build\webpack\config\blocks\css\index.js
- C:\Dating_App\node_modules\next\dist\build\webpack\config\index.js
- C:\Dating_App\node_modules\next\dist\build\webpack-config.js
- C:\Dating_App\node_modules\next\dist\server\dev\hot-reloader-webpack.js
- C:\Dating_App\node_modules\next\dist\server\lib\router-utils\setup-dev-bundler.js
- C:\Dating_App\node_modules\next\dist\server\lib\router-server.js
- C:\Dating_App\node_modules\next\dist\server\lib\start-server.js
    at Array.map (<anonymous>) @ webpack-internal:///./node_modules/next/dist/client/components/react-dev-overlay/internal/helpers/hydration-error-info.js:62
[    4914ms] [ERROR] ./src/app/globals.css
Error: Cannot find module 'autoprefixer'
Require stack:
- C:\Dating_App\node_modules\next\dist\build\webpack\config\blocks\css\plugins.js
- C:\Dating_App\node_modules\next\dist\build\webpack\config\blocks\css\index.js
- C:\Dating_App\node_modules\next\dist\build\webpack\config\index.js
- C:\Dating_App\node_modules\next\dist\build\webpack-config.js
- C:\Dating_App\node_modules\next\dist\server\dev\hot-reloader-webpack.js
- C:\Dating_App\node_modules\next\dist\server\lib\router-utils\setup-dev-bundler.js
- C:\Dating_App\node_modules\next\dist\server\lib\router-server.js
- C:\Dating_App\node_modules\next\dist\server\lib\start-server.js
    at Array.map (<anonymous>)
-- inner error --
Error: Cannot find module 'autoprefixer'
Require stack:
- C:\Dating_App\node_modules\next\dist\build\webpack\config\blocks\css\plugins.js
- C:\Dating_App\node_modules\next\dist\build\webpack\config\blocks\css\index.js
- C:\Dating_App\node_modules\next\dist\build\webpack\config\index.js
- C:\Dating_App\node_modules\next\dist\build\webpack-config.js
- C:\Dating_App\node_modules\next\dist\server\dev\hot-reloader-webpack.js
- C:\Dating_App\node_modules\next\dist\server\lib\router-utils\setup-dev-bundler.js
- C:\Dating_App\node_modules\next\dist\server\lib\router-server.js
- C:\Dating_App\node_modules\next\dist\server\lib\start-server.js
    at Array.map (<anonymous>)
Generated code for C:\Dating_App\node_modules\next\dist\build\webpack\loaders\css-loader\src\index.js??ruleSet[1].rules[13].oneOf[12].use[2]!C:\Dating_App\node_modules\next\dist\build\webpack\loaders\postcss-loader\src\index.js??ruleSet[1].rules[13].oneOf[12].use[3]!C:\Dating_App\src\app\globals.css @ webpack-internal:///./node_modules/next/dist/client/components/react-dev-overlay/internal/helpers/hydration-error-info.js:62
[    4924ms] [ERROR] Failed to load resource: the server responded with a status of 404 (Not Found) @ http://localhost:3000/favicon.ico:0
[   19029ms] [LOG] [Fast Refresh] rebuilding @ webpack-internal:///./node_modules/next/dist/client/components/react-dev-overlay/pages/hot-reloader-client.js:221
[   19184ms] [ERROR] ./src/app/globals.css.webpack[javascript/auto]!=!./node_modules/next/dist/build/webpack/loaders/css-loader/src/index.js??ruleSet[1].rules[13].oneOf[12].use[2]!./node_modules/next/dist/build/webpack/loaders/postcss-loader/src/index.js??ruleSet[1].rules[13].oneOf[12].use[3]!./src/app/globals.css
Error: Cannot find module 'autoprefixer'
Require stack:
- C:\Dating_App\node_modules\next\dist\build\webpack\config\blocks\css\plugins.js
- C:\Dating_App\node_modules\next\dist\build\webpack\config\blocks\css\index.js
- C:\Dating_App\node_modules\next\dist\build\webpack\config\index.js
- C:\Dating_App\node_modules\next\dist\build\webpack-config.js
- C:\Dating_App\node_modules\next\dist\server\dev\hot-reloader-webpack.js
- C:\Dating_App\node_modules\next\dist\server\lib\router-utils\setup-dev-bundler.js
- C:\Dating_App\node_modules\next\dist\server\lib\router-server.js
- C:\Dating_App\node_modules\next\dist\server\lib\start-server.js
    at Array.map (<anonymous>)
Import trace for requested module:
./src/app/globals.css.webpack[javascript/auto]!=!./node_modules/next/dist/build/webpack/loaders/css-loader/src/index.js??ruleSet[1].rules[13].oneOf[12].use[2]!./node_modules/next/dist/build/webpack/loaders/postcss-loader/src/index.js??ruleSet[1].rules[13].oneOf[12].use[3]!./src/app/globals.css
./src/app/globals.css @ webpack-internal:///./node_modules/next/dist/client/components/react-dev-overlay/internal/helpers/hydration-error-info.js:62
[   19184ms] [ERROR] ./src/app/globals.css
Error: Cannot find module 'autoprefixer'
Require stack:
- C:\Dating_App\node_modules\next\dist\build\webpack\config\blocks\css\plugins.js
- C:\Dating_App\node_modules\next\dist\build\webpack\config\blocks\css\index.js
- C:\Dating_App\node_modules\next\dist\build\webpack\config\index.js
- C:\Dating_App\node_modules\next\dist\build\webpack-config.js
- C:\Dating_App\node_modules\next\dist\server\dev\hot-reloader-webpack.js
- C:\Dating_App\node_modules\next\dist\server\lib\router-utils\setup-dev-bundler.js
- C:\Dating_App\node_modules\next\dist\server\lib\router-server.js
- C:\Dating_App\node_modules\next\dist\server\lib\start-server.js
    at Array.map (<anonymous>)
-- inner error --
Error: Cannot find module 'autoprefixer'
Require stack:
- C:\Dating_App\node_modules\next\dist\build\webpack\config\blocks\css\plugins.js
- C:\Dating_App\node_modules\next\dist\build\webpack\config\blocks\css\index.js
- C:\Dating_App\node_modules\next\dist\build\webpack\config\index.js
- C:\Dating_App\node_modules\next\dist\build\webpack-config.js
- C:\Dating_App\node_modules\next\dist\server\dev\hot-reloader-webpack.js
- C:\Dating_App\node_modules\next\dist\server\lib\router-utils\setup-dev-bundler.js
- C:\Dating_App\node_modules\next\dist\server\lib\router-server.js
- C:\Dating_App\node_modules\next\dist\server\lib\start-server.js
    at Array.map (<anonymous>)
Generated code for C:\Dating_App\node_modules\next\dist\build\webpack\loaders\css-loader\src\index.js??ruleSet[1].rules[13].oneOf[12].use[2]!C:\Dating_App\node_modules\next\dist\build\webpack\loaders\postcss-loader\src\index.js??ruleSet[1].rules[13].oneOf[12].use[3]!C:\Dating_App\src\app\globals.css

Import trace for requested module:
./src/app/globals.css @ webpack-internal:///./node_modules/next/dist/client/components/react-dev-overlay/internal/helpers/hydration-error-info.js:62
[   36609ms] [LOG] [Fast Refresh] rebuilding @ webpack-internal:///./node_modules/next/dist/client/components/react-dev-overlay/pages/hot-reloader-client.js:221
[   36649ms] [ERROR] ./src/app/globals.css.webpack[javascript/auto]!=!./node_modules/next/dist/build/webpack/loaders/css-loader/src/index.js??ruleSet[1].rules[13].oneOf[12].use[2]!./node_modules/next/dist/build/webpack/loaders/postcss-loader/src/index.js??ruleSet[1].rules[13].oneOf[12].use[3]!./src/app/globals.css
Error: Cannot find module 'autoprefixer'
Require stack:
- C:\Dating_App\node_modules\next\dist\build\webpack\config\blocks\css\plugins.js
- C:\Dating_App\node_modules\next\dist\build\webpack\config\blocks\css\index.js
- C:\Dating_App\node_modules\next\dist\build\webpack\config\index.js
- C:\Dating_App\node_modules\next\dist\build\webpack-config.js
- C:\Dating_App\node_modules\next\dist\server\dev\hot-reloader-webpack.js
- C:\Dating_App\node_modules\next\dist\server\lib\router-utils\setup-dev-bundler.js
- C:\Dating_App\node_modules\next\dist\server\lib\router-server.js
- C:\Dating_App\node_modules\next\dist\server\lib\start-server.js
    at Array.map (<anonymous>)
Import trace for requested module:
./src/app/globals.css.webpack[javascript/auto]!=!./node_modules/next/dist/build/webpack/loaders/css-loader/src/index.js??ruleSet[1].rules[13].oneOf[12].use[2]!./node_modules/next/dist/build/webpack/loaders/postcss-loader/src/index.js??ruleSet[1].rules[13].oneOf[12].use[3]!./src/app/globals.css
./src/app/globals.css @ webpack-internal:///./node_modules/next/dist/client/components/react-dev-overlay/internal/helpers/hydration-error-info.js:62
[   36649ms] [ERROR] ./src/app/globals.css
Error: Cannot find module 'autoprefixer'
Require stack:
- C:\Dating_App\node_modules\next\dist\build\webpack\config\blocks\css\plugins.js
- C:\Dating_App\node_modules\next\dist\build\webpack\config\blocks\css\index.js
- C:\Dating_App\node_modules\next\dist\build\webpack\config\index.js
- C:\Dating_App\node_modules\next\dist\build\webpack-config.js
- C:\Dating_App\node_modules\next\dist\server\dev\hot-reloader-webpack.js
- C:\Dating_App\node_modules\next\dist\server\lib\router-utils\setup-dev-bundler.js
- C:\Dating_App\node_modules\next\dist\server\lib\router-server.js
- C:\Dating_App\node_modules\next\dist\server\lib\start-server.js
    at Array.map (<anonymous>)
-- inner error --
Error: Cannot find module 'autoprefixer'
Require stack:
- C:\Dating_App\node_modules\next\dist\build\webpack\config\blocks\css\plugins.js
- C:\Dating_App\node_modules\next\dist\build\webpack\config\blocks\css\index.js
- C:\Dating_App\node_modules\next\dist\build\webpack\config\index.js
- C:\Dating_App\node_modules\next\dist\build\webpack-config.js
- C:\Dating_App\node_modules\next\dist\server\dev\hot-reloader-webpack.js
- C:\Dating_App\node_modules\next\dist\server\lib\router-utils\setup-dev-bundler.js
- C:\Dating_App\node_modules\next\dist\server\lib\router-server.js
- C:\Dating_App\node_modules\next\dist\server\lib\start-server.js
    at Array.map (<anonymous>)
Generated code for C:\Dating_App\node_modules\next\dist\build\webpack\loaders\css-loader\src\index.js??ruleSet[1].rules[13].oneOf[12].use[2]!C:\Dating_App\node_modules\next\dist\build\webpack\loaders\postcss-loader\src\index.js??ruleSet[1].rules[13].oneOf[12].use[3]!C:\Dating_App\src\app\globals.css

Import trace for requested module:
./src/app/globals.css @ webpack-internal:///./node_modules/next/dist/client/components/react-dev-overlay/internal/helpers/hydration-error-info.js:62
