[    1094ms] [LOG] Supabase Studio is running commit 978fa7bdfb5d364285ce1c4bacc836440f0d10bc deployed at 2026-05-08 17:49:25 -04:00. @ https://frontend-assets.supabase.com/studio/978fa7bdfb5d/_next/static/chunks/0wz~f2pxngvlu.js?dpl=dpl_5Wb1wiZjZeoMgWCQyEoEtCMP3jUX:12
[    1157ms] [ERROR] Flag key "headerUpgradeCta" does not exist in PostHog flag store @ https://frontend-assets.supabase.com/studio/978fa7bdfb5d/_next/static/chunks/0wz~f2pxngvlu.js?dpl=dpl_5Wb1wiZjZeoMgWCQyEoEtCMP3jUX:12
[    1169ms] [ERROR] Flag key "headerUpgradeCta" does not exist in PostHog flag store @ https://frontend-assets.supabase.com/studio/978fa7bdfb5d/_next/static/chunks/0wz~f2pxngvlu.js?dpl=dpl_5Wb1wiZjZeoMgWCQyEoEtCMP3jUX:12
[    2558ms] [ERROR] Connecting to 'https://analytics.google.com/g/collect?a=adblocker_check' violates the following Content Security Policy directive: "default-src 'self' https://api.supabase.com http://localhost:8000 https://auth.supabase.io https://otqhrpbxhxkrhrnjqbba.supabase.co ws://localhost:8000 wss://localhost:8000 https://*.supabase.co https://*.storage.supabase.co wss://*.supabase.co https://*.hcaptcha.com https://cdn-global.configcat.com https://configcat.supabase.com https://*.stripe.com https://*.stripe.network https://www.cloudflare.com https://*.vercel-insights.com https://api.github.com https://raw.githubusercontent.com https://frontend-assets.supabase.com https://*.usercentrics.eu https://ss.supabase.com https://maps.googleapis.com https://ph.supabase.com https://cdnjs.cloudflare.com wss://*.pusher.com https://*.ingest.sentry.io https://*.ingest.us.sentry.io https://*.ingest.de.sentry.io". Note that 'connect-src' was not explicitly set, so 'default-src' is used as a fallback. The action has been blocked. @ https://frontend-assets.supabase.com/studio/978fa7bdfb5d/_next/static/chunks/0wz~f2pxngvlu.js?dpl=dpl_5Wb1wiZjZeoMgWCQyEoEtCMP3jUX:12
[    2558ms] [ERROR] Fetch API cannot load https://analytics.google.com/g/collect?a=adblocker_check. Refused to connect because it violates the document's Content Security Policy. @ https://frontend-assets.supabase.com/studio/978fa7bdfb5d/_next/static/chunks/0wz~f2pxngvlu.js?dpl=dpl_5Wb1wiZjZeoMgWCQyEoEtCMP3jUX:12
[   42479ms] [ERROR] Flag key "headerUpgradeCta" does not exist in PostHog flag store @ https://frontend-assets.supabase.com/studio/978fa7bdfb5d/_next/static/chunks/0wz~f2pxngvlu.js?dpl=dpl_5Wb1wiZjZeoMgWCQyEoEtCMP3jUX:12
[   42584ms] [ERROR] Flag key "headerUpgradeCta" does not exist in PostHog flag store @ https://frontend-assets.supabase.com/studio/978fa7bdfb5d/_next/static/chunks/0wz~f2pxngvlu.js?dpl=dpl_5Wb1wiZjZeoMgWCQyEoEtCMP3jUX:12
[   42586ms] [LOG] Supabase Studio is running commit 978fa7bdfb5d364285ce1c4bacc836440f0d10bc deployed at 2026-05-08 17:49:25 -04:00. @ https://frontend-assets.supabase.com/studio/978fa7bdfb5d/_next/static/chunks/0wz~f2pxngvlu.js?dpl=dpl_5Wb1wiZjZeoMgWCQyEoEtCMP3jUX:12
[   42590ms] [ERROR] Flag key "headerUpgradeCta" does not exist in PostHog flag store @ https://frontend-assets.supabase.com/studio/978fa7bdfb5d/_next/static/chunks/0wz~f2pxngvlu.js?dpl=dpl_5Wb1wiZjZeoMgWCQyEoEtCMP3jUX:12
[   54211ms] [ERROR] Flag key "headerUpgradeCta" does not exist in PostHog flag store @ https://frontend-assets.supabase.com/studio/978fa7bdfb5d/_next/static/chunks/0wz~f2pxngvlu.js?dpl=dpl_5Wb1wiZjZeoMgWCQyEoEtCMP3jUX:12
[  102872ms] [LOG] Supabase Studio is running commit 978fa7bdfb5d364285ce1c4bacc836440f0d10bc deployed at 2026-05-08 17:49:25 -04:00. @ https://frontend-assets.supabase.com/studio/978fa7bdfb5d/_next/static/chunks/0wz~f2pxngvlu.js?dpl=dpl_5Wb1wiZjZeoMgWCQyEoEtCMP3jUX:12
[  102886ms] [ERROR] Flag key "headerUpgradeCta" does not exist in PostHog flag store @ https://frontend-assets.supabase.com/studio/978fa7bdfb5d/_next/static/chunks/0wz~f2pxngvlu.js?dpl=dpl_5Wb1wiZjZeoMgWCQyEoEtCMP3jUX:12
[  102924ms] [ERROR] Flag key "headerUpgradeCta" does not exist in PostHog flag store @ https://frontend-assets.supabase.com/studio/978fa7bdfb5d/_next/static/chunks/0wz~f2pxngvlu.js?dpl=dpl_5Wb1wiZjZeoMgWCQyEoEtCMP3jUX:12
[  102938ms] [ERROR] Flag key "headerUpgradeCta" does not exist in PostHog flag store @ https://frontend-assets.supabase.com/studio/978fa7bdfb5d/_next/static/chunks/0wz~f2pxngvlu.js?dpl=dpl_5Wb1wiZjZeoMgWCQyEoEtCMP3jUX:12
[  103261ms] [WARNING] [Warning] Please install/enable Redux devtools extension @ https://frontend-assets.supabase.com/studio/978fa7bdfb5d/_next/static/chunks/0wz~f2pxngvlu.js?dpl=dpl_5Wb1wiZjZeoMgWCQyEoEtCMP3jUX:12
[  103284ms] [ERROR] Flag key "headerUpgradeCta" does not exist in PostHog flag store @ https://frontend-assets.supabase.com/studio/978fa7bdfb5d/_next/static/chunks/0wz~f2pxngvlu.js?dpl=dpl_5Wb1wiZjZeoMgWCQyEoEtCMP3jUX:12
[  104022ms] [ERROR] Flag key "headerUpgradeCta" does not exist in PostHog flag store @ https://frontend-assets.supabase.com/studio/978fa7bdfb5d/_next/static/chunks/0wz~f2pxngvlu.js?dpl=dpl_5Wb1wiZjZeoMgWCQyEoEtCMP3jUX:12
[  117930ms] [ERROR] Flag key "headerUpgradeCta" does not exist in PostHog flag store @ https://frontend-assets.supabase.com/studio/978fa7bdfb5d/_next/static/chunks/0wz~f2pxngvlu.js?dpl=dpl_5Wb1wiZjZeoMgWCQyEoEtCMP3jUX:12
[  118151ms] [ERROR] Failed to load resource: the server responded with a status of 404 () @ https://api.supabase.com/platform/integrations/github/authorization:0
[  118742ms] [WARNING] Select is changing from uncontrolled to controlled. Components should not switch from controlled to uncontrolled (or vice versa). Decide between using a controlled or uncontrolled value for the lifetime of the component. @ https://frontend-assets.supabase.com/studio/978fa7bdfb5d/_next/static/chunks/0wz~f2pxngvlu.js?dpl=dpl_5Wb1wiZjZeoMgWCQyEoEtCMP3jUX:12
[  229379ms] [ERROR] Flag key "headerUpgradeCta" does not exist in PostHog flag store @ https://frontend-assets.supabase.com/studio/978fa7bdfb5d/_next/static/chunks/0wz~f2pxngvlu.js?dpl=dpl_5Wb1wiZjZeoMgWCQyEoEtCMP3jUX:12
[  229408ms] [ERROR] Flag key "headerUpgradeCta" does not exist in PostHog flag store @ https://frontend-assets.supabase.com/studio/978fa7bdfb5d/_next/static/chunks/0wz~f2pxngvlu.js?dpl=dpl_5Wb1wiZjZeoMgWCQyEoEtCMP3jUX:12
[  229431ms] [ERROR] Flag key "headerUpgradeCta" does not exist in PostHog flag store @ https://frontend-assets.supabase.com/studio/978fa7bdfb5d/_next/static/chunks/0wz~f2pxngvlu.js?dpl=dpl_5Wb1wiZjZeoMgWCQyEoEtCMP3jUX:12
[  229806ms] [ERROR] Flag key "headerUpgradeCta" does not exist in PostHog flag store @ https://frontend-assets.supabase.com/studio/978fa7bdfb5d/_next/static/chunks/0wz~f2pxngvlu.js?dpl=dpl_5Wb1wiZjZeoMgWCQyEoEtCMP3jUX:12
[  230512ms] [ERROR] Failed to load resource: the server responded with a status of 404 () @ https://api.supabase.com/platform/projects/mezqlcoxyrxvaznjlvov/config/storage:0
[  230569ms] [ERROR] Flag key "headerUpgradeCta" does not exist in PostHog flag store @ https://frontend-assets.supabase.com/studio/978fa7bdfb5d/_next/static/chunks/0wz~f2pxngvlu.js?dpl=dpl_5Wb1wiZjZeoMgWCQyEoEtCMP3jUX:12
[  230849ms] [ERROR] Flag key "headerUpgradeCta" does not exist in PostHog flag store @ https://frontend-assets.supabase.com/studio/978fa7bdfb5d/_next/static/chunks/0wz~f2pxngvlu.js?dpl=dpl_5Wb1wiZjZeoMgWCQyEoEtCMP3jUX:12
[  236584ms] [ERROR] Flag key "headerUpgradeCta" does not exist in PostHog flag store @ https://frontend-assets.supabase.com/studio/978fa7bdfb5d/_next/static/chunks/0wz~f2pxngvlu.js?dpl=dpl_5Wb1wiZjZeoMgWCQyEoEtCMP3jUX:12
[  242628ms] [ERROR] Flag key "headerUpgradeCta" does not exist in PostHog flag store @ https://frontend-assets.supabase.com/studio/978fa7bdfb5d/_next/static/chunks/0wz~f2pxngvlu.js?dpl=dpl_5Wb1wiZjZeoMgWCQyEoEtCMP3jUX:12
[  248877ms] [ERROR] Flag key "headerUpgradeCta" does not exist in PostHog flag store @ https://frontend-assets.supabase.com/studio/978fa7bdfb5d/_next/static/chunks/0wz~f2pxngvlu.js?dpl=dpl_5Wb1wiZjZeoMgWCQyEoEtCMP3jUX:12
[  261294ms] [ERROR] Flag key "headerUpgradeCta" does not exist in PostHog flag store @ https://frontend-assets.supabase.com/studio/978fa7bdfb5d/_next/static/chunks/0wz~f2pxngvlu.js?dpl=dpl_5Wb1wiZjZeoMgWCQyEoEtCMP3jUX:12
[  267301ms] [ERROR] Flag key "headerUpgradeCta" does not exist in PostHog flag store @ https://frontend-assets.supabase.com/studio/978fa7bdfb5d/_next/static/chunks/0wz~f2pxngvlu.js?dpl=dpl_5Wb1wiZjZeoMgWCQyEoEtCMP3jUX:12
[  273306ms] [ERROR] Flag key "headerUpgradeCta" does not exist in PostHog flag store @ https://frontend-assets.supabase.com/studio/978fa7bdfb5d/_next/static/chunks/0wz~f2pxngvlu.js?dpl=dpl_5Wb1wiZjZeoMgWCQyEoEtCMP3jUX:12
[  279281ms] [ERROR] Flag key "headerUpgradeCta" does not exist in PostHog flag store @ https://frontend-assets.supabase.com/studio/978fa7bdfb5d/_next/static/chunks/0wz~f2pxngvlu.js?dpl=dpl_5Wb1wiZjZeoMgWCQyEoEtCMP3jUX:12
[  285318ms] [ERROR] Flag key "headerUpgradeCta" does not exist in PostHog flag store @ https://frontend-assets.supabase.com/studio/978fa7bdfb5d/_next/static/chunks/0wz~f2pxngvlu.js?dpl=dpl_5Wb1wiZjZeoMgWCQyEoEtCMP3jUX:12
[  291330ms] [ERROR] Flag key "headerUpgradeCta" does not exist in PostHog flag store @ https://frontend-assets.supabase.com/studio/978fa7bdfb5d/_next/static/chunks/0wz~f2pxngvlu.js?dpl=dpl_5Wb1wiZjZeoMgWCQyEoEtCMP3jUX:12
[  297374ms] [ERROR] Flag key "headerUpgradeCta" does not exist in PostHog flag store @ https://frontend-assets.supabase.com/studio/978fa7bdfb5d/_next/static/chunks/0wz~f2pxngvlu.js?dpl=dpl_5Wb1wiZjZeoMgWCQyEoEtCMP3jUX:12
[  303420ms] [ERROR] Flag key "headerUpgradeCta" does not exist in PostHog flag store @ https://frontend-assets.supabase.com/studio/978fa7bdfb5d/_next/static/chunks/0wz~f2pxngvlu.js?dpl=dpl_5Wb1wiZjZeoMgWCQyEoEtCMP3jUX:12
[  309440ms] [ERROR] Flag key "headerUpgradeCta" does not exist in PostHog flag store @ https://frontend-assets.supabase.com/studio/978fa7bdfb5d/_next/static/chunks/0wz~f2pxngvlu.js?dpl=dpl_5Wb1wiZjZeoMgWCQyEoEtCMP3jUX:12
[  321495ms] [ERROR] Flag key "headerUpgradeCta" does not exist in PostHog flag store @ https://frontend-assets.supabase.com/studio/978fa7bdfb5d/_next/static/chunks/0wz~f2pxngvlu.js?dpl=dpl_5Wb1wiZjZeoMgWCQyEoEtCMP3jUX:12
[  327748ms] [ERROR] Flag key "headerUpgradeCta" does not exist in PostHog flag store @ https://frontend-assets.supabase.com/studio/978fa7bdfb5d/_next/static/chunks/0wz~f2pxngvlu.js?dpl=dpl_5Wb1wiZjZeoMgWCQyEoEtCMP3jUX:12
[  333745ms] [ERROR] Flag key "headerUpgradeCta" does not exist in PostHog flag store @ https://frontend-assets.supabase.com/studio/978fa7bdfb5d/_next/static/chunks/0wz~f2pxngvlu.js?dpl=dpl_5Wb1wiZjZeoMgWCQyEoEtCMP3jUX:12
[  339774ms] [ERROR] Flag key "headerUpgradeCta" does not exist in PostHog flag store @ https://frontend-assets.supabase.com/studio/978fa7bdfb5d/_next/static/chunks/0wz~f2pxngvlu.js?dpl=dpl_5Wb1wiZjZeoMgWCQyEoEtCMP3jUX:12
[  345781ms] [ERROR] Flag key "headerUpgradeCta" does not exist in PostHog flag store @ https://frontend-assets.supabase.com/studio/978fa7bdfb5d/_next/static/chunks/0wz~f2pxngvlu.js?dpl=dpl_5Wb1wiZjZeoMgWCQyEoEtCMP3jUX:12
[  350933ms] [ERROR] Flag key "headerUpgradeCta" does not exist in PostHog flag store @ https://frontend-assets.supabase.com/studio/978fa7bdfb5d/_next/static/chunks/0wz~f2pxngvlu.js?dpl=dpl_5Wb1wiZjZeoMgWCQyEoEtCMP3jUX:12
[  356053ms] [ERROR] Flag key "headerUpgradeCta" does not exist in PostHog flag store @ https://frontend-assets.supabase.com/studio/978fa7bdfb5d/_next/static/chunks/0wz~f2pxngvlu.js?dpl=dpl_5Wb1wiZjZeoMgWCQyEoEtCMP3jUX:12
[  361168ms] [ERROR] Flag key "headerUpgradeCta" does not exist in PostHog flag store @ https://frontend-assets.supabase.com/studio/978fa7bdfb5d/_next/static/chunks/0wz~f2pxngvlu.js?dpl=dpl_5Wb1wiZjZeoMgWCQyEoEtCMP3jUX:12
[  361395ms] [ERROR] Failed to load resource: the server responded with a status of 400 () @ https://api.supabase.com/platform/pg-meta/mezqlcoxyrxvaznjlvov/query?key=migrations:0
[  362260ms] [ERROR] Failed to load resource: the server responded with a status of 400 () @ https://api.supabase.com/platform/pg-meta/mezqlcoxyrxvaznjlvov/query?key=database-extensions:0
[  362264ms] [ERROR] Failed to load resource: the server responded with a status of 400 () @ https://api.supabase.com/platform/projects/mezqlcoxyrxvaznjlvov/run-lints:0
